[{"id":1,"url":"http://outbreaks.globalincidentmap.com/eventdetail.php?ID=34331","headline":"IRELAND - 22 New Positive COVID-19 Tests In Northern Ireland","body":"[Goqradio.com] IRELAND - 22 new positive COVID-19 tests in Northern Ireland “The Department of Health has announced 22 new positive cases of coronavirus in Northern Ireland since yesterday.” Read the full article: https://www.goqradio.com/belfast/news/q-radio-local-news/22-new-positive-covid-19-tests-in-northern-ireland/","date_of_publication":"2020-03-21 23:58:00"}]