{"id":5,"url":"http://outbreaks.globalincidentmap.com/eventdetail.php?ID=34344","headline":"SINGAPORE - Singapore Reports First Two Deaths","body":"[ALJAZEERA] SINGAPORE - Singapore Reports First Two Deaths \"Singapore's Ministry of Health reported on Saturday the first two deaths linked to the coronavirus.\" Read the full article: https://www.aljazeera.com/news/2020/03/coronavirus-live-updates-worldwide-death-toll-surges-11000-200320225513796.html","date_of_publication":"2020-03-21 05:17:00"}