[{"id":13,"url":"http://outbreaks.globalincidentmap.com/eventdetail.php?ID=34334","headline":"ARGENTINA - There Are 279 Cases Of Dengue - Of Which 222 Are From The Banda Department","body":"Manual Google Translation [Elliberal.com.ar] ARGENTINA - There are 279 cases of dengue, of which 222 are from the Banda department “The undersecretary of Health of the province, Dr. César Monti, confirmed 279 cases of dengue in the province .” Read the full article: https://www.elliberal.com.ar/noticia/523711/hay-279-casos-dengue-cuales-222-son-departamento-banda","date_of_publication":"2020-03-21 02:40:00","article_id":14,"diseases":"[\"dengue\"]","syndromes":"[\"Haemorrhagic Fever\"]","event_date":"2020-03-21 02:40:00","country":"Argentina","city":"Banda Department","latitude":"-27.362","longitude":"-64.242"},{"id":20,"url":"http://outbreaks.globalincidentmap.com/eventdetail.php?ID=34324","headline":"ARGENTINA - There Are 97 Cases Of Dengue In The Province - The Departments Where They Are Registered","body":"Manual Google Translation [elonce.com] ARGENTINA - There are 97 cases of dengue in the province: The departments where they are registered \"Faced with the presence of the dengue-transmitting mosquito in Entre Ríos, the Ministry of Health continues with prevention actions. In the last week, the tasks focused on María Grande and Lucas Gonzalez, where three and one new case were registered, respectively.\" Read the full article: https://www.elonce.com/secciones/sociedad/619723-hay-97-casos-de-dengue-en-la-provincia-los-departamentos-donde-se-registran.htm","date_of_publication":"2020-03-20 04:24:00","article_id":23,"diseases":"[\"dengue\"]","syndromes":"[\"Haemorrhagic Fever\"]","event_date":"2020-03-20 04:24:00","country":"Argentina","city":"Entre Rios","latitude":"-31.775","longitude":"-60.496"}]