[{"id":19,"url":"http://outbreaks.globalincidentmap.com/eventdetail.php?ID=34325","headline":"CHINA - USAPEEC Confirms China Bird Flu Regionalization Deal","body":"[Agri-pulse.com] CHINA - USAPEEC confirms China bird flu regionalization deal \"The USA Poultry and Egg Export Council is confirming that China and the U.S. have signed off on an agreement that the Chinese government will not overreact to outbreaks of avian influenza in the U.S.\" Read the full article: https://www.agri-pulse.com/articles/13332-usapeec-confirms-china-bird-flu-regionalization-deal","date_of_publication":"2020-03-20 04:29:00","article_id":22,"diseases":"[\"other\"]","syndromes":"[]","event_date":"2020-03-20 04:29:00","country":"China","city":"Beijing","latitude":"39.904","longitude":"116.407"},{"id":42,"url":"http://outbreaks.globalincidentmap.com/eventdetail.php?ID=34303","headline":"CHINA - Shanghai Reports 2 Imported COVID-19 Cases","body":"[Xinhua] CHINA - Shanghai reports 2 imported COVID-19 cases \"Shanghai reported two confirmed cases of novel coronavirus disease (COVID-19) on Wednesday, both of which were imported, the local health authority said Thursday.\" Read the full article: http://www.xinhuanet.com/english/2020-03/19/c_138894437.htm","date_of_publication":"2020-03-19 05:05:00","article_id":45,"diseases":"[\"COVID-19\"]","syndromes":"[]","event_date":"2020-03-19 05:05:00","country":"China","city":"Shanghai","latitude":"31.230","longitude":"121.474"}]