[{"id":3,"url":"http://outbreaks.globalincidentmap.com/eventdetail.php?ID=34345","headline":"UNITED KINGDOM - Number Of Coronavirus Deaths In UK Jumps To 233 As Over 5018 Test Positive For Covi","body":"[msn.com] UNITED KINGDOM - Number of coronavirus deaths in UK jumps to 233 as over 5,018 test positive for Covid-19   “Britain's coronavirus death toll has increased to 233 after 56 more people died in just 24 hours.” Read the full article: https://www.msn.com/en-ie/news/other/number-of-coronavirus-deaths-in-uk-jumps-to-233-as-over-5018-test-positive-for-covid-19/ar-BB11vSzt","date_of_publication":"2020-03-21 05:19:00","article_id":4,"diseases":"[\"dengue\"]","syndromes":"[\"Haemorrhagic Fever\"]","event_date":"2020-03-21 05:19:00","country":"United Kingdom","city":"London","latitude":"51.507","longitude":"-0.128"},{"id":35,"url":"http://outbreaks.globalincidentmap.com/eventdetail.php?ID=34310","headline":"UNITED KINGDOM  - 32 More Die In Britain As COVID-19 Death Toll Exceeds 100","body":"[Xinhua] UNITED KINGDOM  - 32 more die in Britain as COVID-19 death toll exceeds 100 \"British health authorities on Wednesday confirmed that 32 more people have died in the country after testing positive for COVID-19, bringing the death toll to 104.\" Read the full article: http://www.xinhuanet.com/english/2020-03/19/c_138892684.htm","date_of_publication":"2020-03-19 05:33:00","article_id":38,"diseases":"[\"COVID-19\"]","syndromes":"[]","event_date":"2020-03-19 05:33:00","country":"United Kingdom","city":"London","latitude":"51.507","longitude":"-0.128"}]